Array_ruby.gs
Association_ruby.gs
Behavior_ruby.gs
Capi_ruby.gs
CharacterCollection_ruby.gs
Classes_ruby.gs
Class_ruby.gs
DateTime_ruby.gs
Exception_ruby.gs
ExecBlock_ruby.gs
GsCompilerClasses.gs
GsCompilerIRNode.gs
GsFile_ruby.gs
GsNMethod_ruby.gs
GsObjectSecurityPolicies.gs
GsProcess_ruby.gs
GsSocket_ruby.gs
IO_ruby.gs
IPSocket.gs
Kernel.gs
maglevPatch.gs
MatchData.gs
Metaclass3_ruby.gs
Module_ruby.gs
NilTF.gs
Numeric.gs
Object_ruby.gs
ObsoleteMetaclass_ruby.gs
OTDebugger_patch.gs
patchEnsure.gs
pre_prim_methods.gs
printParserPort.gs
ProcessorScheduler_ruby.gs
ProfMonitorEntry_ruby.gs
ProfMonitorTree_ruby.gs
Range_ruby.gs
RcRubyMethodDictionary.gs
Regexp.gs
Repository_ruby.gs
RubyCollisionBucket.gs
RubyConstantRef.gs
RubyConstantRef_resolv_debug.gs
RubyConstantRef_resolv.gs
RubyDirectory.gs
RubyEnv.gs
RubyHash.gs
RubyIdentityHash.gs
RubyProc.gs
RubySignal.gs
RubySocket.gs
RubyThreadGroup.gs
RubyTime.gs
SourceStream.gs
String_ruby.gs
SymbolAssociation_ruby.gs
Symbol_ruby.gs
System_ruby.gs
TCPServer.gs
TCPSocket.gs
test.gs
TransientShortArray_ruby.gs
UDPSocket.gs
UNIXServer.gs
UNIXSocket.gs
UnorderedCollection_ruby.gs
VariableContext_ruby.gs
webrick_debug_patches.gs
